// Jest Snapshot v1, https://goo.gl/fbAQLP

exports[`Button should render 1`] = `
<div>
  <button
    class="flex items-center justify-center gap-[0.625rem] rounded-lg px-[1.875rem] py-[0.9375rem] font-bold text-sm leading-1 disabled:bg-white-200 disabled:text-primary-200 disabled:hover:cursor-not-allowed disabled:hover:line-through bg-primary-100/80 text-white-100 hover:bg-primary-100"
  >
    Click me
  </button>
</div>
`;
